** Drc report for esp_wroom_32.kicad_pcb **
** Created on 2026-06-22T11:54:54 **
** Report includes: Errors, Warnings, Exclusions **

** Found 58 DRC violations **
[clearance]: Clearance violation ( clearance 0.2000 mm; actual 0.1800 mm)
    Local override; error
    @(49.0000 mm, 46.9750 mm): Pad 1 [GND] of D3 on F.Cu
    @(49.0000 mm, 46.3350 mm): Pad 2 [/D2] of D3 on F.Cu
[clearance]: Clearance violation ( clearance 0.2000 mm; actual 0.1800 mm)
    Local override; error
    @(45.0000 mm, 60.9750 mm): Pad 1 [GND] of D2 on F.Cu
    @(45.0000 mm, 60.3350 mm): Pad 2 [Net-(D2-A)] of D2 on F.Cu
[copper_edge_clearance]: Board edge clearance violation (board setup constraints edge clearance 0.5000 mm; actual 0.2300 mm)
    Rule: board setup constraints edge; error
    @(38.0000 mm, 39.0000 mm): Rectangle on Edge.Cuts
    @(38.9550 mm, 57.2500 mm): Pad A1 [GND] of J1 on F.Cu
[copper_edge_clearance]: Board edge clearance violation (board setup constraints edge clearance 0.5000 mm; actual 0.2300 mm)
    Rule: board setup constraints edge; error
    @(38.0000 mm, 39.0000 mm): Rectangle on Edge.Cuts
    @(38.9550 mm, 56.4500 mm): Pad A4 [VBUS] of J1 on F.Cu
[copper_edge_clearance]: Board edge clearance violation (board setup constraints edge clearance 0.5000 mm; actual 0.2300 mm)
    Rule: board setup constraints edge; error
    @(38.0000 mm, 39.0000 mm): Rectangle on Edge.Cuts
    @(38.9550 mm, 55.2500 mm): Pad A5 [Net-(J1-CC1)] of J1 on F.Cu
[copper_edge_clearance]: Board edge clearance violation (board setup constraints edge clearance 0.5000 mm; actual 0.2300 mm)
    Rule: board setup constraints edge; error
    @(38.0000 mm, 39.0000 mm): Rectangle on Edge.Cuts
    @(38.9550 mm, 54.2500 mm): Pad A6 [/D+] of J1 on F.Cu
[copper_edge_clearance]: Board edge clearance violation (board setup constraints edge clearance 0.5000 mm; actual 0.2300 mm)
    Rule: board setup constraints edge; error
    @(38.0000 mm, 39.0000 mm): Rectangle on Edge.Cuts
    @(38.9550 mm, 53.7500 mm): Pad A7 [/D-] of J1 on F.Cu
[copper_edge_clearance]: Board edge clearance violation (board setup constraints edge clearance 0.5000 mm; actual 0.2300 mm)
    Rule: board setup constraints edge; error
    @(38.0000 mm, 39.0000 mm): Rectangle on Edge.Cuts
    @(38.9550 mm, 52.7500 mm): Pad A8 [unconnected-(J1-SBU1-PadA8)] of J1 on F.Cu
[copper_edge_clearance]: Board edge clearance violation (board setup constraints edge clearance 0.5000 mm; actual 0.2300 mm)
    Rule: board setup constraints edge; error
    @(38.0000 mm, 39.0000 mm): Rectangle on Edge.Cuts
    @(38.9550 mm, 51.5500 mm): Pad A9 [VBUS] of J1 on F.Cu
[copper_edge_clearance]: Board edge clearance violation (board setup constraints edge clearance 0.5000 mm; actual 0.2300 mm)
    Rule: board setup constraints edge; error
    @(38.0000 mm, 39.0000 mm): Rectangle on Edge.Cuts
    @(38.9550 mm, 50.7500 mm): Pad A12 [GND] of J1 on F.Cu
[copper_edge_clearance]: Board edge clearance violation (board setup constraints edge clearance 0.5000 mm; actual 0.2300 mm)
    Rule: board setup constraints edge; error
    @(38.0000 mm, 39.0000 mm): Rectangle on Edge.Cuts
    @(38.9550 mm, 50.7500 mm): Pad B1 [GND] of J1 on F.Cu
[copper_edge_clearance]: Board edge clearance violation (board setup constraints edge clearance 0.5000 mm; actual 0.2300 mm)
    Rule: board setup constraints edge; error
    @(38.0000 mm, 39.0000 mm): Rectangle on Edge.Cuts
    @(38.9550 mm, 51.5500 mm): Pad B4 [VBUS] of J1 on F.Cu
[copper_edge_clearance]: Board edge clearance violation (board setup constraints edge clearance 0.5000 mm; actual 0.2300 mm)
    Rule: board setup constraints edge; error
    @(38.0000 mm, 39.0000 mm): Rectangle on Edge.Cuts
    @(38.9550 mm, 52.2500 mm): Pad B5 [Net-(J1-CC2)] of J1 on F.Cu
[copper_edge_clearance]: Board edge clearance violation (board setup constraints edge clearance 0.5000 mm; actual 0.2300 mm)
    Rule: board setup constraints edge; error
    @(38.0000 mm, 39.0000 mm): Rectangle on Edge.Cuts
    @(38.9550 mm, 53.2500 mm): Pad B6 [/D+] of J1 on F.Cu
[copper_edge_clearance]: Board edge clearance violation (board setup constraints edge clearance 0.5000 mm; actual 0.2300 mm)
    Rule: board setup constraints edge; error
    @(38.0000 mm, 39.0000 mm): Rectangle on Edge.Cuts
    @(38.9550 mm, 54.7500 mm): Pad B7 [/D-] of J1 on F.Cu
[copper_edge_clearance]: Board edge clearance violation (board setup constraints edge clearance 0.5000 mm; actual 0.2300 mm)
    Rule: board setup constraints edge; error
    @(38.0000 mm, 39.0000 mm): Rectangle on Edge.Cuts
    @(38.9550 mm, 55.7500 mm): Pad B8 [unconnected-(J1-SBU2-PadB8)] of J1 on F.Cu
[copper_edge_clearance]: Board edge clearance violation (board setup constraints edge clearance 0.5000 mm; actual 0.2300 mm)
    Rule: board setup constraints edge; error
    @(38.0000 mm, 39.0000 mm): Rectangle on Edge.Cuts
    @(38.9550 mm, 56.4500 mm): Pad B9 [VBUS] of J1 on F.Cu
[copper_edge_clearance]: Board edge clearance violation (board setup constraints edge clearance 0.5000 mm; actual 0.2300 mm)
    Rule: board setup constraints edge; error
    @(38.0000 mm, 39.0000 mm): Rectangle on Edge.Cuts
    @(38.9550 mm, 57.2500 mm): Pad B12 [GND] of J1 on F.Cu
[drill_out_of_range]: Hole size out of range (board setup constraints min hole 0.3000 mm; actual 0.2000 mm)
    Rule: board setup constraints; error
    @(75.1825 mm, 50.9650 mm): PTH pad 39 [GND] of U1
[drill_out_of_range]: Hole size out of range (board setup constraints min hole 0.3000 mm; actual 0.2000 mm)
    Rule: board setup constraints; error
    @(73.6575 mm, 50.9650 mm): PTH pad 39 [GND] of U1
[drill_out_of_range]: Hole size out of range (board setup constraints min hole 0.3000 mm; actual 0.2000 mm)
    Rule: board setup constraints; error
    @(75.9450 mm, 51.7275 mm): PTH pad 39 [GND] of U1
[drill_out_of_range]: Hole size out of range (board setup constraints min hole 0.3000 mm; actual 0.2000 mm)
    Rule: board setup constraints; error
    @(74.4200 mm, 51.7275 mm): PTH pad 39 [GND] of U1
[drill_out_of_range]: Hole size out of range (board setup constraints min hole 0.3000 mm; actual 0.2000 mm)
    Rule: board setup constraints; error
    @(72.8950 mm, 51.7275 mm): PTH pad 39 [GND] of U1
[drill_out_of_range]: Hole size out of range (board setup constraints min hole 0.3000 mm; actual 0.2000 mm)
    Rule: board setup constraints; error
    @(75.1825 mm, 52.4900 mm): PTH pad 39 [GND] of U1
[drill_out_of_range]: Hole size out of range (board setup constraints min hole 0.3000 mm; actual 0.2000 mm)
    Rule: board setup constraints; error
    @(73.6575 mm, 52.4900 mm): PTH pad 39 [GND] of U1
[drill_out_of_range]: Hole size out of range (board setup constraints min hole 0.3000 mm; actual 0.2000 mm)
    Rule: board setup constraints; error
    @(75.9450 mm, 53.2525 mm): PTH pad 39 [GND] of U1
[drill_out_of_range]: Hole size out of range (board setup constraints min hole 0.3000 mm; actual 0.2000 mm)
    Rule: board setup constraints; error
    @(74.4200 mm, 53.2525 mm): PTH pad 39 [GND] of U1
[drill_out_of_range]: Hole size out of range (board setup constraints min hole 0.3000 mm; actual 0.2000 mm)
    Rule: board setup constraints; error
    @(72.8950 mm, 53.2525 mm): PTH pad 39 [GND] of U1
[drill_out_of_range]: Hole size out of range (board setup constraints min hole 0.3000 mm; actual 0.2000 mm)
    Rule: board setup constraints; error
    @(75.1825 mm, 54.0150 mm): PTH pad 39 [GND] of U1
[drill_out_of_range]: Hole size out of range (board setup constraints min hole 0.3000 mm; actual 0.2000 mm)
    Rule: board setup constraints; error
    @(73.6575 mm, 54.0150 mm): PTH pad 39 [GND] of U1
[silk_overlap]: Silkscreen clearance
    Rule: board setup constraints silk; warning
    @(55.0875 mm, 61.3500 mm): Reference field of R3
    @(52.3000 mm, 61.7100 mm): Segment of U2 on F.Silkscreen
[silk_overlap]: Silkscreen clearance
    Rule: board setup constraints silk; warning
    @(47.7750 mm, 62.4300 mm): Reference field of C9
    @(48.2475 mm, 62.0450 mm): Segment of C2 on F.Silkscreen
[silk_overlap]: Silkscreen clearance
    Rule: board setup constraints silk; warning
    @(46.0625 mm, 42.6000 mm): Reference field of Q2
    @(46.2700 mm, 42.3800 mm): Segment of J3 on F.Silkscreen
[silk_overlap]: Silkscreen clearance
    Rule: board setup constraints silk; warning
    @(46.0625 mm, 42.6000 mm): Reference field of Q2
    @(46.2700 mm, 42.3800 mm): Segment of J3 on F.Silkscreen
[silk_overlap]: Silkscreen clearance
    Rule: board setup constraints silk; warning
    @(46.5700 mm, 55.2250 mm): Reference field of C10
    @(46.9000 mm, 58.7000 mm): Segment of J1 on F.Silkscreen
[silk_overlap]: Silkscreen clearance
    Rule: board setup constraints silk; warning
    @(49.0000 mm, 47.5150 mm): Circle of D3 on F.Silkscreen
    @(49.5700 mm, 48.2250 mm): Reference field of C3
[silk_overlap]: Silkscreen clearance
    Rule: board setup constraints silk; warning
    @(50.0000 mm, 48.2900 mm): Segment of D1 on F.Silkscreen
    @(49.5700 mm, 48.2250 mm): Reference field of C3
[silk_overlap]: Silkscreen clearance
    Rule: board setup constraints silk; warning
    @(50.0000 mm, 48.2900 mm): Segment of D1 on F.Silkscreen
    @(49.5700 mm, 48.2250 mm): Reference field of C3
[silk_overlap]: Silkscreen clearance
    Rule: board setup constraints silk; warning
    @(57.5350 mm, 53.2350 mm): Segment of U3 on F.Silkscreen
    @(54.1500 mm, 53.8000 mm): Reference field of U2
[silk_overlap]: Silkscreen clearance
    Rule: board setup constraints silk; warning
    @(53.4150 mm, 53.2350 mm): Segment of U3 on F.Silkscreen
    @(54.1500 mm, 53.8000 mm): Reference field of U2
[silk_overlap]: Silkscreen clearance
    Rule: board setup constraints silk; warning
    @(49.5700 mm, 51.2250 mm): Reference field of C7
    @(50.0000 mm, 48.2900 mm): Segment of D1 on F.Silkscreen
[silk_overlap]: Silkscreen clearance
    Rule: board setup constraints silk; warning
    @(50.4900 mm, 51.3656 mm): Segment of C7 on F.Silkscreen
    @(51.0000 mm, 50.6500 mm): Reference field of D1
[silk_overlap]: Silkscreen clearance
    Rule: board setup constraints silk; warning
    @(51.5100 mm, 51.3656 mm): Segment of C7 on F.Silkscreen
    @(51.0000 mm, 50.6500 mm): Reference field of D1
[silk_overlap]: Silkscreen clearance
    Rule: board setup constraints silk; warning
    @(46.2700 mm, 42.3800 mm): Segment of J3 on F.Silkscreen
    @(55.4750 mm, 42.2750 mm): Reference field of U3
[silk_overlap]: Silkscreen clearance
    Rule: board setup constraints silk; warning
    @(46.2700 mm, 42.3800 mm): Segment of J3 on F.Silkscreen
    @(65.0800 mm, 42.5600 mm): Reference field of U1
[silk_over_copper]: Silkscreen clipped by solder mask
    Local override; warning
    @(46.6475 mm, 61.2500 mm): Reference field of C2
    @(47.0000 mm, 61.0000 mm): Pad 2 [GND] of C9 on F.Cu
[silk_over_copper]: Silkscreen clipped by solder mask
    Local override; warning
    @(51.0875 mm, 61.3500 mm): Reference field of R4
    @(51.0000 mm, 60.6000 mm): Pad 3 [+5V] of U2 on F.Cu
[silk_over_copper]: Silkscreen clipped by solder mask
    Local override; warning
    @(47.7750 mm, 62.4300 mm): Reference field of C9
    @(48.0000 mm, 63.0000 mm): Pad 2 [GND] of C2 on F.Cu
[silk_over_copper]: Silkscreen clipped by solder mask
    Local override; warning
    @(43.9500 mm, 60.6550 mm): Reference field of D2
    @(43.2000 mm, 62.0000 mm): Pad 2 [/IO0] of SW2 on F.Cu
[silk_over_copper]: Silkscreen clipped by solder mask
    Local override; warning
    @(49.5700 mm, 45.2250 mm): Reference field of C11
    @(49.0000 mm, 46.3350 mm): Pad 2 [/D2] of D3 on F.Cu
[silk_over_copper]: Silkscreen clipped by solder mask
    Local override; warning
    @(49.5700 mm, 48.2250 mm): Reference field of C3
    @(49.0000 mm, 49.0000 mm): Pad 1 [+5V] of D1 on F.Cu
[silk_over_copper]: Silkscreen clipped by solder mask
    Local override; warning
    @(51.0000 mm, 50.6500 mm): Reference field of D1
    @(51.0000 mm, 50.4500 mm): Pad 2 [+3V3] of C7 on F.Cu
[silk_over_copper]: Silkscreen clipped by solder mask
    Local override; warning
    @(49.5700 mm, 51.2250 mm): Reference field of C7
    @(49.0000 mm, 52.3000 mm): Pad 2 [VBUS] of D1 on F.Cu
[silk_over_copper]: Silkscreen clipped by solder mask
    Local override; warning
    @(59.3500 mm, 45.9125 mm): Reference field of R5
    @(57.9500 mm, 46.2700 mm): Pad 14 [/RTS] of U3 on F.Cu
[silk_over_copper]: Silkscreen clipped by solder mask
    Local override; warning
    @(61.0000 mm, 59.5500 mm): Reference field of Q1
    @(61.0000 mm, 58.8250 mm): Pad 1 [/EN] of R8 on F.Cu
[silk_over_copper]: Silkscreen clipped by solder mask
    Local override; warning
    @(59.3500 mm, 49.9125 mm): Reference field of R6
    @(57.9500 mm, 50.0800 mm): Pad 11 [unconnected-(U3-~{RI}-Pad11)] of U3 on F.Cu
[silk_over_copper]: Silkscreen clipped by solder mask
    Local override; warning
    @(59.3500 mm, 45.9125 mm): Reference field of R5
    @(57.9500 mm, 45.0000 mm): Pad 15 [unconnected-(U3-R232-Pad15)] of U3 on F.Cu
[silk_over_copper]: Silkscreen clipped by solder mask
    Local override; warning
    @(55.4750 mm, 42.2750 mm): Reference field of U3
    @(55.1600 mm, 41.0000 mm): PTH pad 5 [/D14] of J3

** Found 89 unconnected pads **
[unconnected_items]: Missing connection between items
    Local override; error
    @(48.5500 mm, 61.0000 mm): Pad 1 [+3V3] of C9 on F.Cu
    @(45.2950 mm, 63.0000 mm): Pad 1 [+3V3] of C2 on F.Cu
[unconnected_items]: Missing connection between items
    Local override; error
    @(51.0000 mm, 58.3000 mm): Pad 2 [+3V3] of U2 on F.Cu
    @(48.5500 mm, 61.0000 mm): Pad 1 [+3V3] of C9 on F.Cu
[unconnected_items]: Missing connection between items
    Local override; error
    @(51.0000 mm, 58.3000 mm): Pad 2 [+3V3] of U2 on F.Cu
    @(51.0000 mm, 50.4500 mm): Pad 2 [+3V3] of C7 on F.Cu
[unconnected_items]: Missing connection between items
    Local override; error
    @(57.3000 mm, 58.3000 mm): Pad 2 [+3V3] of U2 on F.Cu
    @(61.0000 mm, 57.0000 mm): Pad 2 [+3V3] of R8 on F.Cu
[unconnected_items]: Missing connection between items
    Local override; error
    @(57.3000 mm, 58.3000 mm): Pad 2 [+3V3] of U2 on F.Cu
    @(51.0000 mm, 58.3000 mm): Pad 2 [+3V3] of U2 on F.Cu
[unconnected_items]: Missing connection between items
    Local override; error
    @(57.9500 mm, 43.7300 mm): Pad 16 [+3V3] of U3 on F.Cu
    @(51.0000 mm, 50.4500 mm): Pad 2 [+3V3] of C7 on F.Cu
[unconnected_items]: Missing connection between items
    Local override; error
    @(80.4900 mm, 44.4200 mm): Pad 2 [+3V3] of U1 on F.Cu
    @(57.9500 mm, 43.7300 mm): Pad 16 [+3V3] of U3 on F.Cu
[unconnected_items]: Missing connection between items
    Local override; error
    @(38.9550 mm, 50.7500 mm): Pad B1 [GND] of J1 on F.Cu
    @(39.8700 mm, 49.6800 mm): PTH pad SH [GND] of J1
[unconnected_items]: Missing connection between items
    Local override; error
    @(38.9550 mm, 57.2500 mm): Pad B12 [GND] of J1 on F.Cu
    @(39.8700 mm, 58.3200 mm): PTH pad SH [GND] of J1
[unconnected_items]: Missing connection between items
    Local override; error
    @(39.0000 mm, 45.0000 mm): Pad 1 [GND] of SW1 on F.Cu
    @(39.8700 mm, 49.6800 mm): PTH pad SH [GND] of J1
[unconnected_items]: Missing connection between items
    Local override; error
    @(39.0000 mm, 62.0000 mm): Pad 1 [GND] of SW2 on F.Cu
    @(39.8700 mm, 58.3200 mm): PTH pad SH [GND] of J1
[unconnected_items]: Missing connection between items
    Local override; error
    @(44.0500 mm, 49.6800 mm): PTH pad SH [GND] of J1
    @(39.8700 mm, 49.6800 mm): PTH pad SH [GND] of J1
[unconnected_items]: Missing connection between items
    Local override; error
    @(44.0500 mm, 58.3200 mm): PTH pad SH [GND] of J1
    @(45.0000 mm, 60.9750 mm): Pad 1 [GND] of D2 on F.Cu
[unconnected_items]: Missing connection between items
    Local override; error
    @(44.0500 mm, 58.3200 mm): PTH pad SH [GND] of J1
    @(39.8700 mm, 58.3200 mm): PTH pad SH [GND] of J1
[unconnected_items]: Missing connection between items
    Local override; error
    @(47.0000 mm, 61.0000 mm): Pad 2 [GND] of C9 on F.Cu
    @(45.0000 mm, 60.9750 mm): Pad 1 [GND] of D2 on F.Cu
[unconnected_items]: Missing connection between items
    Local override; error
    @(47.5400 mm, 41.0000 mm): PTH pad 2 [GND] of J3
    @(51.0000 mm, 46.0000 mm): Pad 1 [GND] of C11 on F.Cu
[unconnected_items]: Missing connection between items
    Local override; error
    @(48.0000 mm, 56.0000 mm): Pad 1 [GND] of C10 on F.Cu
    @(51.0000 mm, 56.0000 mm): Pad 1 [GND] of U2 on F.Cu
[unconnected_items]: Missing connection between items
    Local override; error
    @(48.0000 mm, 59.5500 mm): Pad 2 [GND] of C8 on F.Cu
    @(47.0000 mm, 61.0000 mm): Pad 2 [GND] of C9 on F.Cu
[unconnected_items]: Missing connection between items
    Local override; error
    @(48.0000 mm, 59.5500 mm): Pad 2 [GND] of C8 on F.Cu
    @(48.0000 mm, 56.0000 mm): Pad 1 [GND] of C10 on F.Cu
[unconnected_items]: Missing connection between items
    Local override; error
    @(48.0000 mm, 63.0000 mm): Pad 2 [GND] of C2 on F.Cu
    @(47.0000 mm, 61.0000 mm): Pad 2 [GND] of C9 on F.Cu
[unconnected_items]: Missing connection between items
    Local override; error
    @(48.0000 mm, 63.0000 mm): Pad 2 [GND] of C2 on F.Cu
    @(52.0000 mm, 63.0000 mm): Pad 2 [GND] of R4 on F.Cu
[unconnected_items]: Missing connection between items
    Local override; error
    @(49.0000 mm, 46.9750 mm): Pad 1 [GND] of D3 on F.Cu
    @(51.0000 mm, 47.4500 mm): Pad 2 [GND] of C3 on F.Cu
[unconnected_items]: Missing connection between items
    Local override; error
    @(49.0000 mm, 46.9750 mm): Pad 1 [GND] of D3 on F.Cu
    @(44.0500 mm, 49.6800 mm): PTH pad SH [GND] of J1
[unconnected_items]: Missing connection between items
    Local override; error
    @(51.0000 mm, 46.0000 mm): Pad 1 [GND] of C11 on F.Cu
    @(51.0000 mm, 47.4500 mm): Pad 2 [GND] of C3 on F.Cu
[unconnected_items]: Missing connection between items
    Local override; error
    @(51.0000 mm, 46.0000 mm): Pad 1 [GND] of C11 on F.Cu
    @(53.0000 mm, 43.7300 mm): Pad 1 [GND] of U3 on F.Cu
[unconnected_items]: Missing connection between items
    Local override; error
    @(51.0000 mm, 47.4500 mm): Pad 2 [GND] of C3 on F.Cu
    @(51.0000 mm, 52.0000 mm): Pad 1 [GND] of C7 on F.Cu
[unconnected_items]: Missing connection between items
    Local override; error
    @(51.0000 mm, 52.0000 mm): Pad 1 [GND] of C7 on F.Cu
    @(51.0000 mm, 56.0000 mm): Pad 1 [GND] of U2 on F.Cu
[unconnected_items]: Missing connection between items
    Local override; error
    @(52.0000 mm, 63.0000 mm): Pad 2 [GND] of R4 on F.Cu
    @(56.0000 mm, 63.0000 mm): Pad 2 [GND] of R3 on F.Cu
[unconnected_items]: Missing connection between items
    Local override; error
    @(64.0000 mm, 47.4600 mm): Pad 15 [GND] of U1 on F.Cu
    @(53.0000 mm, 43.7300 mm): Pad 1 [GND] of U3 on F.Cu
[unconnected_items]: Missing connection between items
    Local override; error
    @(72.8950 mm, 50.9650 mm): Pad 39 [GND] of U1 on F.Cu
    @(64.0000 mm, 47.4600 mm): Pad 15 [GND] of U1 on F.Cu
[unconnected_items]: Missing connection between items
    Local override; error
    @(75.9450 mm, 50.9650 mm): Pad 39 [GND] of U1 on F.Cu
    @(81.7600 mm, 44.4200 mm): Pad 1 [GND] of U1 on F.Cu
[unconnected_items]: Missing connection between items
    Local override; error
    @(81.7600 mm, 61.9200 mm): Pad 38 [GND] of U1 on F.Cu
    @(75.9450 mm, 54.0150 mm): Pad 39 [GND] of U1 on F.Cu
[unconnected_items]: Missing connection between items
    Local override; error
    @(43.2000 mm, 62.0000 mm): Pad 2 [/IO0] of SW2 on F.Cu
    @(65.2500 mm, 61.9200 mm): Pad 25 [/IO0] of U1 on F.Cu
[unconnected_items]: Missing connection between items
    Local override; error
    @(45.1250 mm, 45.9500 mm): Pad 2 [/IO0] of Q2 on F.Cu
    @(43.2000 mm, 62.0000 mm): Pad 2 [/IO0] of SW2 on F.Cu
[unconnected_items]: Missing connection between items
    Local override; error
    @(51.0000 mm, 44.4500 mm): Pad 2 [/IO0] of C11 on F.Cu
    @(45.1250 mm, 45.9500 mm): Pad 2 [/IO0] of Q2 on F.Cu
[unconnected_items]: Missing connection between items
    Local override; error
    @(43.2000 mm, 45.0000 mm): Pad 2 [/EN] of SW1 on F.Cu
    @(48.0000 mm, 54.4500 mm): Pad 2 [/EN] of C10 on F.Cu
[unconnected_items]: Missing connection between items
    Local override; error
    @(61.0000 mm, 58.8250 mm): Pad 1 [/EN] of R8 on F.Cu
    @(61.9375 mm, 61.9500 mm): Pad 3 [/EN] of Q1 on F.Cu
[unconnected_items]: Missing connection between items
    Local override; error
    @(61.0000 mm, 58.8250 mm): Pad 1 [/EN] of R8 on F.Cu
    @(48.0000 mm, 54.4500 mm): Pad 2 [/EN] of C10 on F.Cu
[unconnected_items]: Missing connection between items
    Local override; error
    @(79.2200 mm, 44.4200 mm): Pad 3 [/EN] of U1 on F.Cu
    @(80.5600 mm, 41.0000 mm): PTH pad 15 [/EN] of J3
[unconnected_items]: Missing connection between items
    Local override; error
    @(79.2200 mm, 44.4200 mm): Pad 3 [/EN] of U1 on F.Cu
    @(61.0000 mm, 58.8250 mm): Pad 1 [/EN] of R8 on F.Cu
[unconnected_items]: Missing connection between items
    Local override; error
    @(45.1250 mm, 44.0500 mm): Pad 1 [Net-(Q2-B)] of Q2 on F.Cu
    @(61.0000 mm, 53.0000 mm): Pad 2 [Net-(Q2-B)] of R7 on F.Cu
[unconnected_items]: Missing connection between items
    Local override; error
    @(57.9500 mm, 47.5400 mm): Pad 13 [/DTR] of U3 on F.Cu
    @(47.0000 mm, 45.0000 mm): Pad 3 [/DTR] of Q2 on F.Cu
[unconnected_items]: Missing connection between items
    Local override; error
    @(61.0000 mm, 50.8250 mm): Pad 1 [/DTR] of R6 on F.Cu
    @(57.9500 mm, 47.5400 mm): Pad 13 [/DTR] of U3 on F.Cu
[unconnected_items]: Missing connection between items
    Local override; error
    @(49.0000 mm, 46.3350 mm): Pad 2 [/D2] of D3 on F.Cu
    @(52.6200 mm, 66.0000 mm): PTH pad 4 [/D2] of J2
[unconnected_items]: Missing connection between items
    Local override; error
    @(38.9550 mm, 51.5500 mm): Pad B4 [VBUS] of J1 on F.Cu
    @(38.9550 mm, 56.4500 mm): Pad B9 [VBUS] of J1 on F.Cu
[unconnected_items]: Missing connection between items
    Local override; error
    @(49.0000 mm, 52.3000 mm): Pad 2 [VBUS] of D1 on F.Cu
    @(38.9550 mm, 51.5500 mm): Pad B4 [VBUS] of J1 on F.Cu
[unconnected_items]: Missing connection between items
    Local override; error
    @(38.9550 mm, 55.2500 mm): Pad A5 [Net-(J1-CC1)] of J1 on F.Cu
    @(54.1750 mm, 63.0000 mm): Pad 1 [Net-(J1-CC1)] of R3 on F.Cu
[unconnected_items]: Missing connection between items
    Local override; error
    @(38.9550 mm, 53.2500 mm): Pad B6 [/D+] of J1 on F.Cu
    @(38.9550 mm, 54.2500 mm): Pad A6 [/D+] of J1 on F.Cu
[unconnected_items]: Missing connection between items
    Local override; error
    @(53.0000 mm, 50.0800 mm): Pad 6 [/D+] of U3 on F.Cu
    @(38.9550 mm, 53.2500 mm): Pad B6 [/D+] of J1 on F.Cu
[unconnected_items]: Missing connection between items
    Local override; error
    @(38.9550 mm, 53.7500 mm): Pad A7 [/D-] of J1 on F.Cu
    @(38.9550 mm, 54.7500 mm): Pad B7 [/D-] of J1 on F.Cu
[unconnected_items]: Missing connection between items
    Local override; error
    @(53.0000 mm, 48.8100 mm): Pad 5 [/D-] of U3 on F.Cu
    @(38.9550 mm, 53.7500 mm): Pad A7 [/D-] of J1 on F.Cu
[unconnected_items]: Missing connection between items
    Local override; error
    @(38.9550 mm, 52.2500 mm): Pad B5 [Net-(J1-CC2)] of J1 on F.Cu
    @(50.1750 mm, 63.0000 mm): Pad 1 [Net-(J1-CC2)] of R4 on F.Cu
[unconnected_items]: Missing connection between items
    Local override; error
    @(48.0000 mm, 58.0000 mm): Pad 1 [+5V] of C8 on F.Cu
    @(51.0000 mm, 60.6000 mm): Pad 3 [+5V] of U2 on F.Cu
[unconnected_items]: Missing connection between items
    Local override; error
    @(49.0000 mm, 49.0000 mm): Pad 1 [+5V] of D1 on F.Cu
    @(48.0000 mm, 58.0000 mm): Pad 1 [+5V] of C8 on F.Cu
[unconnected_items]: Missing connection between items
    Local override; error
    @(61.0000 mm, 46.8250 mm): Pad 1 [+5V] of R5 on F.Cu
    @(49.0000 mm, 49.0000 mm): Pad 1 [+5V] of D1 on F.Cu
[unconnected_items]: Missing connection between items
    Local override; error
    @(45.0000 mm, 41.0000 mm): PTH pad 1 [/VIN] of J3
    @(45.0000 mm, 66.0000 mm): PTH pad 1 [/VIN] of J2
[unconnected_items]: Missing connection between items
    Local override; error
    @(45.0000 mm, 66.0000 mm): PTH pad 1 [/VIN] of J2
    @(47.5400 mm, 66.0000 mm): PTH pad 2 [/VIN] of J2
[unconnected_items]: Missing connection between items
    Local override; error
    @(64.0000 mm, 48.7300 mm): Pad 16 [/D13] of U1 on F.Cu
    @(50.0800 mm, 41.0000 mm): PTH pad 3 [/D13] of J3
[unconnected_items]: Missing connection between items
    Local override; error
    @(70.3300 mm, 61.9200 mm): Pad 29 [/D13] of U1 on F.Cu
    @(64.0000 mm, 48.7300 mm): Pad 16 [/D13] of U1 on F.Cu
[unconnected_items]: Missing connection between items
    Local override; error
    @(64.0000 mm, 58.8900 mm): Pad 24 [/D12] of U1 on F.Cu
    @(66.5200 mm, 61.9200 mm): Pad 26 [/D12] of U1 on F.Cu
[unconnected_items]: Missing connection between items
    Local override; error
    @(65.2500 mm, 44.4200 mm): Pad 14 [/D12] of U1 on F.Cu
    @(52.6200 mm, 41.0000 mm): PTH pad 4 [/D12] of J3
[unconnected_items]: Missing connection between items
    Local override; error
    @(65.2500 mm, 44.4200 mm): Pad 14 [/D12] of U1 on F.Cu
    @(64.0000 mm, 58.8900 mm): Pad 24 [/D12] of U1 on F.Cu
[unconnected_items]: Missing connection between items
    Local override; error
    @(55.1600 mm, 41.0000 mm): PTH pad 5 [/D14] of J3
    @(66.5200 mm, 44.4200 mm): Pad 13 [/D14] of U1 on F.Cu
[unconnected_items]: Missing connection between items
    Local override; error
    @(57.7000 mm, 41.0000 mm): PTH pad 6 [/D27] of J3
    @(67.7900 mm, 44.4200 mm): Pad 12 [/D27] of U1 on F.Cu
[unconnected_items]: Missing connection between items
    Local override; error
    @(60.2400 mm, 41.0000 mm): PTH pad 7 [/D26] of J3
    @(69.0600 mm, 44.4200 mm): Pad 11 [/D26] of U1 on F.Cu
[unconnected_items]: Missing connection between items
    Local override; error
    @(62.7800 mm, 41.0000 mm): PTH pad 8 [/D25] of J3
    @(70.3300 mm, 44.4200 mm): Pad 10 [/D25] of U1 on F.Cu
[unconnected_items]: Missing connection between items
    Local override; error
    @(65.3200 mm, 41.0000 mm): PTH pad 9 [/D33] of J3
    @(71.6000 mm, 44.4200 mm): Pad 9 [/D33] of U1 on F.Cu
[unconnected_items]: Missing connection between items
    Local override; error
    @(67.8600 mm, 41.0000 mm): PTH pad 10 [/D32] of J3
    @(72.8700 mm, 44.4200 mm): Pad 8 [/D32] of U1 on F.Cu
[unconnected_items]: Missing connection between items
    Local override; error
    @(70.4000 mm, 41.0000 mm): PTH pad 11 [/D35] of J3
    @(74.1400 mm, 44.4200 mm): Pad 7 [/D35] of U1 on F.Cu
[unconnected_items]: Missing connection between items
    Local override; error
    @(72.9400 mm, 41.0000 mm): PTH pad 12 [/D34] of J3
    @(75.4100 mm, 44.4200 mm): Pad 6 [/D34] of U1 on F.Cu
[unconnected_items]: Missing connection between items
    Local override; error
    @(75.4800 mm, 41.0000 mm): PTH pad 13 [/VN] of J3
    @(77.9500 mm, 44.4200 mm): Pad 4 [/VN] of U1 on F.Cu
[unconnected_items]: Missing connection between items
    Local override; error
    @(76.6800 mm, 44.4200 mm): Pad 5 [/VP] of U1 on F.Cu
    @(78.0200 mm, 41.0000 mm): PTH pad 14 [/VP] of J3
[unconnected_items]: Missing connection between items
    Local override; error
    @(51.0000 mm, 49.0000 mm): Pad 1 [Net-(U3-V3)] of C3 on F.Cu
    @(53.0000 mm, 47.5400 mm): Pad 4 [Net-(U3-V3)] of U3 on F.Cu
[unconnected_items]: Missing connection between items
    Local override; error
    @(50.0800 mm, 66.0000 mm): PTH pad 3 [/D15] of J2
    @(64.0000 mm, 57.6200 mm): Pad 23 [/D15] of U1 on F.Cu
[unconnected_items]: Missing connection between items
    Local override; error
    @(67.7900 mm, 61.9200 mm): Pad 27 [/RXD2] of U1 on F.Cu
    @(77.9500 mm, 61.9200 mm): Pad 35 [/RXD2] of U1 on F.Cu
[unconnected_items]: Missing connection between items
    Local override; error
    @(69.0600 mm, 61.9200 mm): Pad 28 [/TXD2] of U1 on F.Cu
    @(76.6800 mm, 61.9200 mm): Pad 34 [/TXD2] of U1 on F.Cu
[unconnected_items]: Missing connection between items
    Local override; error
    @(65.3200 mm, 66.0000 mm): PTH pad 9 [/D18] of J2
    @(71.6000 mm, 61.9200 mm): Pad 30 [/D18] of U1 on F.Cu
[unconnected_items]: Missing connection between items
    Local override; error
    @(67.8600 mm, 66.0000 mm): PTH pad 10 [/D19] of J2
    @(72.8700 mm, 61.9200 mm): Pad 31 [/D19] of U1 on F.Cu
[unconnected_items]: Missing connection between items
    Local override; error
    @(70.4000 mm, 66.0000 mm): PTH pad 11 [/D21] of J2
    @(75.4100 mm, 61.9200 mm): Pad 33 [/D21] of U1 on F.Cu
[unconnected_items]: Missing connection between items
    Local override; error
    @(79.2200 mm, 61.9200 mm): Pad 36 [/D22] of U1 on F.Cu
    @(78.0200 mm, 66.0000 mm): PTH pad 14 [/D22] of J2
[unconnected_items]: Missing connection between items
    Local override; error
    @(80.4900 mm, 61.9200 mm): Pad 37 [/D22] of U1 on F.Cu
    @(79.2200 mm, 61.9200 mm): Pad 36 [/D22] of U1 on F.Cu
[unconnected_items]: Missing connection between items
    Local override; error
    @(53.0000 mm, 45.0000 mm): Pad 2 [/RXD] of U3 on F.Cu
    @(57.7000 mm, 66.0000 mm): PTH pad 6 [/RXD] of J2
[unconnected_items]: Missing connection between items
    Local override; error
    @(57.7000 mm, 66.0000 mm): PTH pad 6 [/RXD] of J2
    @(72.9400 mm, 66.0000 mm): PTH pad 12 [/RXD] of J2
[unconnected_items]: Missing connection between items
    Local override; error
    @(53.0000 mm, 46.2700 mm): Pad 3 [/TXD] of U3 on F.Cu
    @(60.2400 mm, 66.0000 mm): PTH pad 7 [/TXD] of J2
[unconnected_items]: Missing connection between items
    Local override; error
    @(60.2400 mm, 66.0000 mm): PTH pad 7 [/TXD] of J2
    @(75.4800 mm, 66.0000 mm): PTH pad 13 [/TXD] of J2
[unconnected_items]: Missing connection between items
    Local override; error
    @(60.0625 mm, 62.9000 mm): Pad 2 [/RTS] of Q1 on F.Cu
    @(61.0000 mm, 54.8250 mm): Pad 1 [/RTS] of R7 on F.Cu
[unconnected_items]: Missing connection between items
    Local override; error
    @(61.0000 mm, 54.8250 mm): Pad 1 [/RTS] of R7 on F.Cu
    @(57.9500 mm, 46.2700 mm): Pad 14 [/RTS] of U3 on F.Cu
[unconnected_items]: Missing connection between items
    Local override; error
    @(60.0625 mm, 61.0000 mm): Pad 1 [Net-(Q1-B)] of Q1 on F.Cu
    @(61.0000 mm, 49.0000 mm): Pad 2 [Net-(Q1-B)] of R6 on F.Cu
[unconnected_items]: Missing connection between items
    Local override; error
    @(45.0000 mm, 60.3350 mm): Pad 2 [Net-(D2-A)] of D2 on F.Cu
    @(61.0000 mm, 45.0000 mm): Pad 2 [Net-(D2-A)] of R5 on F.Cu

** Found 0 Footprint errors **

** Ignored checks **
    - Footprint has no courtyard defined
    - Track endpoint not centered on via
    - Tuning profile track geometries
    - Footprint doesn't match symbol's footprint filters
    - Footprint component type doesn't match footprint pads

** End of Report **
